<?xml version="1.0" encoding="UTF-8"?>
<testsuites name="Jest Tests" tests="47" failures="0" errors="0" time="170.165">
  <testsuite name="createColumn function" errors="0" failures="0" skipped="0" timestamp="2021-02-26T07:46:07" time="36.936" tests="2">
    <testcase classname="createColumn function default" name="createColumn function default" time="0.007">
    </testcase>
    <testcase classname="createColumn function column with icon" name="createColumn function column with icon" time="0.001">
    </testcase>
  </testsuite>
  <testsuite name="isNumeric" errors="0" failures="0" skipped="0" timestamp="2021-02-26T07:46:44" time="4.228" tests="5">
    <testcase classname="isNumeric пустая строка не может быть числом" name="isNumeric пустая строка не может быть числом" time="0.006">
    </testcase>
    <testcase classname="isNumeric число как строка" name="isNumeric число как строка" time="0.002">
    </testcase>
    <testcase classname="isNumeric число с дробной частью как строка" name="isNumeric число с дробной частью как строка" time="0">
    </testcase>
    <testcase classname="isNumeric проверка number" name="isNumeric проверка number" time="0">
    </testcase>
    <testcase classname="isNumeric строка с каким-то текстом" name="isNumeric строка с каким-то текстом" time="0.001">
    </testcase>
  </testsuite>
  <testsuite name="assembleErrors" errors="0" failures="0" skipped="0" timestamp="2021-02-26T07:46:49" time="76.74" tests="1">
    <testcase classname="assembleErrors Validate keys generation" name="assembleErrors Validate keys generation" time="0.004">
    </testcase>
  </testsuite>
  <testsuite name="NumberFormatter" errors="0" failures="0" skipped="0" timestamp="2021-02-26T07:46:07" time="140.533" tests="8">
    <testcase classname="NumberFormatter рендерится без ошибок" name="NumberFormatter рендерится без ошибок" time="0.023">
    </testcase>
    <testcase classname="NumberFormatter вывод Int без дробной части" name="NumberFormatter вывод Int без дробной части" time="0.058">
    </testcase>
    <testcase classname="NumberFormatter вывод Float с округлением" name="NumberFormatter вывод Float с округлением" time="0.005">
    </testcase>
    <testcase classname="NumberFormatter отображение нечисловых строк" name="NumberFormatter отображение нечисловых строк" time="0.004">
    </testcase>
    <testcase classname="NumberFormatter значение ячейки округляется до 3х знаков" name="NumberFormatter значение ячейки округляется до 3х знаков" time="0.004">
    </testcase>
    <testcase classname="NumberFormatter отображение пустого значения" name="NumberFormatter отображение пустого значения" time="0.003">
    </testcase>
    <testcase classname="NumberFormatter передача null" name="NumberFormatter передача null" time="0.002">
    </testcase>
    <testcase classname="NumberFormatter передача undefined" name="NumberFormatter передача undefined" time="0.003">
    </testcase>
  </testsuite>
  <testsuite name="CALC_PARAM column" errors="0" failures="0" skipped="0" timestamp="2021-02-26T07:46:07" time="140.588" tests="20">
    <testcase classname="CALC_PARAM column correct type" name="CALC_PARAM column correct type" time="0.007">
    </testcase>
    <testcase classname="CALC_PARAM column correct properties" name="CALC_PARAM column correct properties" time="0.003">
    </testcase>
    <testcase classname="CALC_PARAM column correct headerCellClass" name="CALC_PARAM column correct headerCellClass" time="0.001">
    </testcase>
    <testcase classname="CALC_PARAM column correct cellClass" name="CALC_PARAM column correct cellClass" time="0.001">
    </testcase>
    <testcase classname="RISK column Validate type" name="RISK column Validate type" time="0">
    </testcase>
    <testcase classname="RISK column Validate properties" name="RISK column Validate properties" time="0.001">
    </testcase>
    <testcase classname="RISK column correct headerCellClass" name="RISK column correct headerCellClass" time="0">
    </testcase>
    <testcase classname="RISK column correct cellClass" name="RISK column correct cellClass" time="0.001">
    </testcase>
    <testcase classname="ID column Validate type" name="ID column Validate type" time="0">
    </testcase>
    <testcase classname="ID column Validate properties" name="ID column Validate properties" time="0.001">
    </testcase>
    <testcase classname="ID column correct headerCellClass" name="ID column correct headerCellClass" time="0">
    </testcase>
    <testcase classname="ID column correct cellClass" name="ID column correct cellClass" time="0">
    </testcase>
    <testcase classname="SPLITTER column Validate type" name="SPLITTER column Validate type" time="0">
    </testcase>
    <testcase classname="SPLITTER column Validate properties" name="SPLITTER column Validate properties" time="0">
    </testcase>
    <testcase classname="SPLITTER column correct headerCellClass" name="SPLITTER column correct headerCellClass" time="0.001">
    </testcase>
    <testcase classname="SPLITTER column correct cellClass" name="SPLITTER column correct cellClass" time="0.001">
    </testcase>
    <testcase classname="GEO_CATEGORY_TYPE column Validate type" name="GEO_CATEGORY_TYPE column Validate type" time="0">
    </testcase>
    <testcase classname="DEFAULT column Default column" name="DEFAULT column Default column" time="0">
    </testcase>
    <testcase classname="DEFAULT column correct headerCellClass" name="DEFAULT column correct headerCellClass" time="0.001">
    </testcase>
    <testcase classname="DEFAULT column correct cellClass" name="DEFAULT column correct cellClass" time="0.001">
    </testcase>
  </testsuite>
  <testsuite name="omitTypename" errors="0" failures="0" skipped="0" timestamp="2021-02-26T07:48:28" time="3.437" tests="1">
    <testcase classname="omitTypename Have to remove the __typename property" name="omitTypename Have to remove the __typename property" time="0.006">
    </testcase>
  </testsuite>
  <testsuite name="isEmpty" errors="0" failures="0" skipped="0" timestamp="2021-02-26T07:48:28" time="10.111" tests="4">
    <testcase classname="isEmpty Пустая строка" name="isEmpty Пустая строка" time="0.002">
    </testcase>
    <testcase classname="isEmpty Строка с пробелами" name="isEmpty Строка с пробелами" time="0">
    </testcase>
    <testcase classname="isEmpty Проверка null" name="isEmpty Проверка null" time="0">
    </testcase>
    <testcase classname="isEmpty Проверка undefined" name="isEmpty Проверка undefined" time="0">
    </testcase>
  </testsuite>
  <testsuite name="isNoneColumnType" errors="0" failures="0" skipped="0" timestamp="2021-02-26T07:48:05" time="50.923" tests="3">
    <testcase classname="isNoneColumnType ID" name="isNoneColumnType ID" time="0.002">
    </testcase>
    <testcase classname="isNoneColumnType Splitter" name="isNoneColumnType Splitter" time="0">
    </testcase>
    <testcase classname="isNoneColumnType Common table entity" name="isNoneColumnType Common table entity" time="0.001">
    </testcase>
  </testsuite>
  <testsuite name="getSameColumnKeys" errors="0" failures="0" skipped="0" timestamp="2021-02-26T07:46:07" time="168.966" tests="3">
    <testcase classname="getSameColumnKeys Found more than 2 matches with passed column" name="getSameColumnKeys Found more than 2 matches with passed column" time="0.003">
    </testcase>
    <testcase classname="getSameColumnKeys Found only 2 matches with passed column" name="getSameColumnKeys Found only 2 matches with passed column" time="0">
    </testcase>
    <testcase classname="getSameColumnKeys Didn&apos;t find matches with passed column" name="getSameColumnKeys Didn&apos;t find matches with passed column" time="0.001">
    </testcase>
  </testsuite>
</testsuites>